-----------------------------------------------------------------------------

Input image     : science_whirlpool_final.fits[2600:3400,1200:1900] 
Init. par. file : galfit.feedme 
Restart file    : galfit.01 
Output image    : imgblock.fits 

 sersic    : ([3000.00], [1550.00]) [20.09]   400.00   [2.50]  [1.00]   [0.00]
             (   [0.00],   [0.00])  [0.00] 946026905600.00   [0.00]  [0.00]   [0.00]
 Chi^2 = 10042128.56993,  ndof = 561500
 Chi^2/nu = 17.884 

-----------------------------------------------------------------------------
-----------------------------------------------------------------------------

Input image     : science_whirlpool_final.fits[2600:3400,1200:1900] 
Init. par. file : galfit.feedme 
Restart file    : galfit.02 
Output image    : imgblock.fits 

 sersic    : ([3000.00], [1550.00]) [20.09]   400.00   [2.50]  [1.00]   [0.00]
             (   [0.00],   [0.00])  [0.00] 946026905600.00   [0.00]  [0.00]   [0.00]
 Chi^2 = 10042128.56993,  ndof = 561500
 Chi^2/nu = 17.884 

-----------------------------------------------------------------------------
-----------------------------------------------------------------------------

Input image     : science_whirlpool_final.fits[2600:3400,1200:1900] 
Init. par. file : galfit.feedme 
Restart file    : galfit.03 
Output image    : imgblock.fits 

 sersic    : ([3000.00], [1550.00]) [20.09]   400.00   [2.50]  [1.00]   [0.00]
             (   [0.00],   [0.00])  [0.00] 946026905600.00   [0.00]  [0.00]   [0.00]
 Chi^2 = 10042128.56993,  ndof = 561500
 Chi^2/nu = 17.884 

-----------------------------------------------------------------------------
-----------------------------------------------------------------------------

Input image     : science_whirlpool_final.fits[2600:3400,1200:1900] 
Init. par. file : galfit.feedme 
Restart file    : galfit.04 
Output image    : imgblock.fits 

 sersic    : ([3000.00], [1550.00]) [20.09]   400.00   [2.50]  [1.00]   [0.00]
             (   [0.00],   [0.00])  [0.00] 946026905600.00   [0.00]  [0.00]   [0.00]
 Chi^2 = 10042128.56993,  ndof = 561500
 Chi^2/nu = 17.884 

-----------------------------------------------------------------------------
-----------------------------------------------------------------------------

Input image     : science_whirlpool_final.fits[2600:3400,1200:1900] 
Init. par. file : galfit.feedme 
Restart file    : galfit.05 
Output image    : imgblock.fits 

 sersic    : ( 2999.96, [1550.00])   1.88   [400.00]  [2.50]  [1.00]   [0.00]
             (    0.16,    [0.00])   0.00     [0.00]  [0.00]  [0.00]   [0.00]
 Chi^2 = 6316636.52734,  ndof = 561499
 Chi^2/nu = 11.250 

-----------------------------------------------------------------------------
-----------------------------------------------------------------------------

Input image     : science_whirlpool_final.fits[2600:3400,1200:1900] 
Init. par. file : galfit.feedme 
Restart file    : galfit.06 
Output image    : imgblock.fits 

 sersic    : ( 3005.57, [1550.00])   7.94     *0.02*   2.35   [1.00]   [0.00]
             (  243.95,    [0.00]) 206.14    *25.42* 1580.28   [0.00]   [0.00]
 Chi^2 = 9691757.34137,  ndof = 561497
 Chi^2/nu = 17.261 

-----------------------------------------------------------------------------
-----------------------------------------------------------------------------

Input image     : science_whirlpool_final.fits[2600:3400,1200:1900] 
Init. par. file : galfit.feedme 
Restart file    : galfit.07 
Output image    : imgblock.fits 

 sersic    : ( 3000.57, [1550.00])   1.35    945.73    4.35   [1.00]   [0.00]
             (    0.10,    [0.00])   0.03     32.52    0.05   [0.00]   [0.00]
 Chi^2 = 6131466.90362,  ndof = 561497
 Chi^2/nu = 10.920 

-----------------------------------------------------------------------------
-----------------------------------------------------------------------------

Input image     : science_whirlpool_final.fits[2600:3400,1200:1900] 
Init. par. file : galfit.feedme 
Restart file    : galfit.08 
Output image    : imgblock.fits 

 sersic    : ( 3000.75, [1550.00])   2.16    848.97    6.46   [1.00]   [0.00]
             (    0.06,    [0.00])   0.08    104.61    0.19   [0.00]   [0.00]
 sky       : [3000.00, 1550.00]   104.35  [0.00e+00]  [0.00e+00]
                                  1.20  [0.00e+00]  [0.00e+00]
 Chi^2 = 5910257.76884,  ndof = 561496
 Chi^2/nu = 10.526 

-----------------------------------------------------------------------------
-----------------------------------------------------------------------------

Input image     : science_whirlpool_final.fits[2600:3400,1200:1900] 
Init. par. file : galfit.feedme 
Restart file    : galfit.09 
Output image    : imgblock.fits 

 sersic    : ( 3000.57, [1550.00])   1.35    945.73    4.35   [1.00]   [0.00]
             (    0.10,    [0.00])   0.03     32.52    0.05   [0.00]   [0.00]
 Chi^2 = 6131466.90362,  ndof = 561497
 Chi^2/nu = 10.920 

-----------------------------------------------------------------------------
-----------------------------------------------------------------------------

Input image     : science_whirlpool_final.fits[2600:3400,1200:1900] 
Init. par. file : galfit.feedme 
Restart file    : galfit.10 
Output image    : imgblock.fits 

 sersic    : ( 3000.57, [1550.00])   1.35    945.73    4.35   [1.00]   [0.00]
             (    0.10,    [0.00])   0.03     32.52    0.05   [0.00]   [0.00]
 Chi^2 = 6131466.90362,  ndof = 561497
 Chi^2/nu = 10.920 

-----------------------------------------------------------------------------
-----------------------------------------------------------------------------

Input image     : science_whirlpool_final.fits[2600:3400,1200:1900] 
Init. par. file : galfit.feedme 
Restart file    : galfit.01 
Output image    : imgblock.fits 

 sersic    : ( 3000.75, [1550.00])   2.16    848.97    6.46   [1.00]   [0.00]
             (    0.06,    [0.00])   0.08    104.61    0.19   [0.00]   [0.00]
 sky       : [3000.00, 1550.00]   104.35  [0.00e+00]  [0.00e+00]
                                  1.20  [0.00e+00]  [0.00e+00]
 Chi^2 = 5910257.76884,  ndof = 561496
 Chi^2/nu = 10.526 

-----------------------------------------------------------------------------
-----------------------------------------------------------------------------

Input image     : science_whirlpool_final.fits[2600:3400,1200:1900] 
Init. par. file : galfit.feedme 
Restart file    : galfit.02 
Output image    : imgblock.fits 

 sersic    : ( 3000.75, [1550.00])   2.08    959.28    6.64   [1.00]   [0.00]
             (    0.06,    [0.00])   0.09    125.31    0.20   [0.00]   [0.00]
 sky       : [3000.00, 1550.00]   103.06  [0.00e+00]  [0.00e+00]
                                  1.22  [0.00e+00]  [0.00e+00]
 Chi^2 = 5909765.33797,  ndof = 561496
 Chi^2/nu = 10.525 

-----------------------------------------------------------------------------
-----------------------------------------------------------------------------

Input image     : science_whirlpool_final.fits[2600:3400,1200:1900] 
Init. par. file : galfit.feedme 
Restart file    : galfit.03 
Output image    : imgblock.fits 

 sersic    : ( 3000.75, [1550.00])   2.26    736.25    6.24   [1.00]   [0.00]
             (    0.06,    [0.00])   0.08     84.56    0.18   [0.00]   [0.00]
 sky       : [3000.00, 1550.00]   105.92  [0.00e+00]  [0.00e+00]
                                  1.17  [0.00e+00]  [0.00e+00]
 Chi^2 = 5910901.41497,  ndof = 561496
 Chi^2/nu = 10.527 

-----------------------------------------------------------------------------
-----------------------------------------------------------------------------

Input image     : science_whirlpool_final.fits[2600:3400,1200:1900] 
Init. par. file : galfit.feedme 
Restart file    : galfit.04 
Output image    : imgblock.fits 

 sersic    : ( 3000.75, [1550.00])   2.15    871.62    6.50   [1.00]   [0.00]
             (    0.06,    [0.00])   0.08    108.78    0.20   [0.00]   [0.00]
 sky       : [3000.00, 1550.00]   104.06  [0.00e+00]  [0.00e+00]
                                  1.20  [0.00e+00]  [0.00e+00]
 Chi^2 = 5910147.40211,  ndof = 561496
 Chi^2/nu = 10.526 

-----------------------------------------------------------------------------
-----------------------------------------------------------------------------

Input image     : science_whirlpool_final.fits[2600:3400,1200:1900] 
Init. par. file : galfit.feedme 
Restart file    : galfit.05 
Output image    : imgblock.fits 

 sersic    : ( 3000.87, [1550.00])   2.16    849.77    6.46   [1.00]   [0.00]
             (    0.06,    [0.00])   0.08    104.44    0.19   [0.00]   [0.00]
 sky       : [3000.00, 1550.00]   104.29  -1.01e-01  [0.00e+00]
                                  1.20  1.84e-03  [0.00e+00]
 Chi^2 = 5878844.13516,  ndof = 561495
 Chi^2/nu = 10.470 

-----------------------------------------------------------------------------
-----------------------------------------------------------------------------

Input image     : science_whirlpool_final.fits[2600:3400,1200:1900] 
Init. par. file : galfit.feedme 
Restart file    : galfit.06 
Output image    : imgblock.fits 

 sersic    : ( 3000.75, [1550.00])   2.00   1076.35    6.81   [1.00]   [0.00]
             (    0.06,    [0.00])   0.09    148.31    0.22   [0.00]   [0.00]
 sky       : [3000.00, 1550.00]   101.89  [0.00e+00]  [0.00e+00]
                                  1.24  [0.00e+00]  [0.00e+00]
 Chi^2 = 5909345.02691,  ndof = 561496
 Chi^2/nu = 10.524 

-----------------------------------------------------------------------------
-----------------------------------------------------------------------------

Input image     : science_whirlpool_final.fits[2600:3400,1200:1900] 
Init. par. file : galfit.feedme 
Restart file    : galfit.07 
Output image    : imgblock.fits 

 sersic    : ( 3000.87, [1550.00])   2.06    980.57    6.67   [1.00]   [0.00]
             (    0.06,    [0.00])   0.09    129.01    0.21   [0.00]   [0.00]
 sky       : [3000.00, 1550.00]   102.78  -1.01e-01  1.11e-02
                                  1.22  1.84e-03  2.10e-03
 Chi^2 = 5877978.16305,  ndof = 561494
 Chi^2/nu = 10.468 

-----------------------------------------------------------------------------
-----------------------------------------------------------------------------

Input image     : science_whirlpool_final.fits[2600:3400,1200:1900] 
Init. par. file : galfit.feedme 
Restart file    : galfit.08 
Output image    : imgblock.fits 

 sersic    : ( 3000.95, [1550.00])   2.20    777.60    6.28   [1.00]   [0.00]
             (    0.06,    [0.00])   0.08     94.30    0.19   [0.00]   [0.00]
 sersic    : ( 2785.64, [1400.00])   1.01   1160.98    1.50   [1.00]   [0.00]
             (    2.06,    [0.00])   0.07     70.08    0.05   [0.00]   [0.00]
 Chi^2 = 5897778.40760,  ndof = 561493
 Chi^2/nu = 10.504 

-----------------------------------------------------------------------------
-----------------------------------------------------------------------------

Input image     : science_whirlpool_final.fits[2600:3400,1200:1900] 
Init. par. file : galfit.feedme 
Restart file    : galfit.09 
Output image    : imgblock.fits 

 sersic    : ( 3000.88, [1550.00])   2.45    613.29    6.15   [1.00]   [0.00]
             (    0.06,    [0.00])   0.09     80.01    0.20   [0.00]   [0.00]
 sersic    : ( 2687.91, [1400.00])   1.00    839.06    0.65   [1.00]   [0.00]
             (   10.13,    [0.00])   0.07     39.18    0.03   [0.00]   [0.00]
 Chi^2 = 5874266.10870,  ndof = 561493
 Chi^2/nu = 10.462 

-----------------------------------------------------------------------------
-----------------------------------------------------------------------------

Input image     : science_whirlpool_final.fits[2600:3400,1200:1900] 
Init. par. file : galfit.feedme 
Restart file    : galfit.05 
Output image    : imgblock.fits 

 sersic    : ( 3000.95, [1550.00])   3.93     88.27    3.51   [1.00]   [0.00]
             (    0.06,    [0.00])   0.04      4.37    0.08   [0.00]   [0.00]
 sersic    : ( 2890.07, [1496.00])   1.29    662.97    0.82   [1.00]   [0.00]
             (    2.44,    [0.00])   0.06     27.74    0.03   [0.00]   [0.00]
 Chi^2 = 5869890.42685,  ndof = 561493
 Chi^2/nu = 10.454 

-----------------------------------------------------------------------------
-----------------------------------------------------------------------------

Input image     : science_whirlpool_final.fits[2600:3400,1200:1900] 
Init. par. file : galfit.feedme 
Restart file    : galfit.01 
Output image    : imgblock.fits 

 sersic    : ( 3000.89, [1550.00])   3.34    188.73    4.62   [1.00]   [0.00]
             (    0.06,    [0.00])   0.05     14.44    0.13   [0.00]   [0.00]
 sky       : [3000.00, 1550.00]    27.90  -1.40e-01  1.55e-01
                                  1.90  1.83e-03  2.17e-03
 sersic    : ( 3044.20, [1400.00])   2.75    314.80    0.09   [1.00]   [0.00]
             (    2.06,    [0.00])   0.02      0.74    0.00   [0.00]   [0.00]
 Chi^2 = 5842046.98652,  ndof = 561490
 Chi^2/nu = 10.405 

-----------------------------------------------------------------------------
-----------------------------------------------------------------------------

Input image     : science_whirlpool_final.fits[2600:3400,1200:1900] 
Init. par. file : galfit.feedme 
Restart file    : galfit.02 
Output image    : imgblock.fits 

 sersic    : ( 3000.88, [1550.00])   4.70     34.14    1.92   [1.00]   [0.00]
             (    0.07,    [0.00])   0.02      0.63    0.03   [0.00]   [0.00]
 sky       : [3000.00, 1550.00]   103.79  -1.19e-01  1.11e-02
                                  0.76  1.83e-03  2.09e-03
 sersic    : ( 3015.30, [1550.00])   3.64    191.33    0.20   [1.00]   [0.00]
             (    1.24,    [0.00])   0.01      0.69    0.00   [0.00]   [0.00]
 Chi^2 = 5808144.73209,  ndof = 561490
 Chi^2/nu = 10.344 

-----------------------------------------------------------------------------
-----------------------------------------------------------------------------

Input image     : science_whirlpool_final.fits[2600:3400,1200:1900] 
Init. par. file : galfit.feedme 
Restart file    : galfit.03 
Output image    : imgblock.fits 

 sersic    : ( 3000.89, [1550.00])   3.04    290.32    5.24   [1.00]   [0.00]
             (    0.00,    [0.00])   0.00      0.00    0.00   [0.00]   [0.00]
 sky       : [3000.00, 1550.00]    32.45  -1.35e-01  1.35e-01
                                  0.00  5.94e-06  1.36e-05
 sersic    : ( 3049.33, [1400.00])   2.87    325.01   *0.05*  [1.00]   [0.00]
             (    0.00,    [0.00])   0.00      0.00   *0.00*  [0.00]   [0.00]
 Chi^2 = 5839748.96281,  ndof = 561490
 Chi^2/nu = 10.400 

-----------------------------------------------------------------------------
-----------------------------------------------------------------------------

Input image     : science_whirlpool_final.fits[2600:3400,1200:1900] 
Init. par. file : galfit.feedme 
Restart file    : galfit.04 
Output image    : imgblock.fits 

 sersic    : ( 3000.89, [1550.00])   2.90    353.57    5.56   [1.00]   [0.00]
             (    0.00,    [0.00])   0.00      0.00    0.00   [0.00]   [0.00]
 sky       : [3000.00, 1550.00]    32.10  -1.35e-01  1.31e-01
                                  0.00  4.46e-06  9.80e-06
 sersic    : ( 3050.89, [1400.00])   2.89    328.02   *0.05*  [1.00]   [0.00]
             (    0.00,    [0.00])   0.00      0.00   *0.00*  [0.00]   [0.00]
 Chi^2 = 5839616.85216,  ndof = 561490
 Chi^2/nu = 10.400 

-----------------------------------------------------------------------------
-----------------------------------------------------------------------------

Input image     : science_whirlpool_final.fits[2600:3400,1200:1900] 
Init. par. file : galfit.feedme 
Restart file    : galfit.06 
Output image    : imgblock.fits 

 sersic    : ( 3001.54,  1542.61)    3.76    156.36    6.66   [1.00]   [0.00]
             (    0.04,     0.03)    0.09     23.22    0.31   [0.00]   [0.00]
 sky       : [3000.00, 1550.00]    -7.46  -1.99e-01  -6.98e-02
                                  7.91  1.88e-03  1.96e-03
 expdisk   : ( 3086.45,  1618.98)    1.43    356.25   [1.00]   [0.00]
             (    1.81,     1.69)    0.12     16.15   [0.00]   [0.00]
 Chi^2 = 5550701.59372,  ndof = 561489
 Chi^2/nu = 9.886 

-----------------------------------------------------------------------------
-----------------------------------------------------------------------------

Input image     : science_whirlpool_final.fits[2600:3400,1200:1900] 
Init. par. file : galfit_wirlpool.feedme 
Restart file    : galfit.07 
Output image    : imgblock_whirlpool.fits 

 sersic    : ( 3000.49,  1541.65)    2.61    376.90    4.26   [1.00]   [0.00]
             (    0.02,     0.02)    0.04     18.01    0.06   [0.00]   [0.00]
 sky       : [3000.00, 1550.00]   103.56  -1.00e-01  2.39e-02
                                  0.91  1.78e-03  1.73e-03
 expdisk   : ( 3000.78,  1543.96)    9.23      2.60   [1.00]   [0.00]
             (    0.09,     0.08)    0.07      0.09   [0.00]   [0.00]
 Chi^2 = 5501055.00924,  ndof = 561489
 Chi^2/nu = 9.797 

-----------------------------------------------------------------------------
-----------------------------------------------------------------------------

Input image     : science_whirlpool_final.fits[2600:3400,1200:1900] 
Init. par. file : galfit_wirlpool.feedme 
Restart file    : galfit.01 
Output image    : imgblock_whirlpool.fits 

 sersic    : ( 3253.88,  1842.10)    0.94    409.37    0.31   [1.00]   [0.00]
             (    9.34,    10.87)    0.10     11.21    0.00   [0.00]   [0.00]
 sky       : [3000.00, 1550.00]  -115.18  -5.07e-01  -4.56e-01
                                 12.48  1.38e-02  1.59e-02
 sersic    : ( 3000.52,  1542.16)    4.24     64.13    2.70   [1.00]   [0.00]
             (    0.02,     0.02)    0.01      0.92    0.02   [0.00]   [0.00]
 Chi^2 = 5427669.21197,  ndof = 561488
 Chi^2/nu = 9.667 

-----------------------------------------------------------------------------
-----------------------------------------------------------------------------

Input image     : science_whirlpool_final.fits[2600:3400,1200:1900] 
Init. par. file : galfit_wirlpool.feedme 
Restart file    : galfit.02 
Output image    : imgblock_whirlpool.fits 

 sersic    : ( 3000.52,  1542.16)    4.24     63.98    2.70   [1.00]   [0.00]
             (    0.02,     0.02)    0.01      0.95    0.02   [0.00]   [0.00]
 sky       : [3000.00, 1550.00]   -77.95  -4.89e-01  -3.80e-01
                                 10.85  1.40e-02  1.29e-02
 sersic    : ( 3237.88,  1789.58)    1.30    373.15    0.32   [1.00]   [0.00]
             (    9.14,     8.81)    0.10     10.19    0.00   [0.00]   [0.00]
 Chi^2 = 5428232.65688,  ndof = 561488
 Chi^2/nu = 9.668 

-----------------------------------------------------------------------------
-----------------------------------------------------------------------------

Input image     : science_whirlpool_final.fits[2600:3400,1200:1900] 
Init. par. file : galfit_wirlpool.feedme 
Restart file    : galfit.03 
Output image    : imgblock_whirlpool.fits 

 sersic    : ( 3000.53,  1542.16)    4.44     50.65    2.41   [1.00]   [0.00]
             (    0.02,     0.02)    0.01      0.84    0.02   [0.00]   [0.00]
 sky       : [3000.00, 1550.00]    97.65  -1.31e-01  -3.72e-02
                                  0.64  1.77e-03  2.09e-03
 sersic    : ( 3026.01,  1586.28)    3.65    199.92    0.17   [1.00]   [0.00]
             (    1.21,     1.33)    0.01      0.61    0.00   [0.00]   [0.00]
 Chi^2 = 5428952.90342,  ndof = 561488
 Chi^2/nu = 9.669 

-----------------------------------------------------------------------------
-----------------------------------------------------------------------------

Input image     : science_whirlpool_final.fits[2600:3400,1200:1900] 
Init. par. file : galfit_wirlpool.feedme 
Restart file    : galfit.01 
Output image    : imgblock_whirlpool.fits 

 sersic    : ( 3000.49,  1541.65)    2.61    376.90    4.26   [1.00]   [0.00]
             (    0.02,     0.02)    0.04     18.01    0.06   [0.00]   [0.00]
 sky       : [3000.00, 1550.00]   103.56  -1.00e-01  2.39e-02
                                  0.91  1.78e-03  1.73e-03
 expdisk   : ( 3000.78,  1543.96)    9.23      2.60   [1.00]   [0.00]
             (    0.09,     0.08)    0.07      0.09   [0.00]   [0.00]
 Chi^2 = 5501055.00924,  ndof = 561489
 Chi^2/nu = 9.797 

-----------------------------------------------------------------------------
-----------------------------------------------------------------------------

Input image     : science_whirlpool_final.fits[2600:3400,1200:1900] 
Init. par. file : galfit_wirlpool.feedme 
Restart file    : galfit.02 
Output image    : imgblock_whirlpool.fits 

 sersic    : ( 3000.51,  1542.28)    2.63    380.05    4.56   [1.00]   [0.00]
             (    0.01,     0.02)    0.03     15.03    0.05   [0.00]   [0.00]
 sky       : [3000.00, 1550.00]   106.43  -1.00e-01  2.27e-02
                                  0.79  1.78e-03  2.02e-03
 Chi^2 = 5505272.95232,  ndof = 561493
 Chi^2/nu = 9.805 

-----------------------------------------------------------------------------
-----------------------------------------------------------------------------

Input image     : science_whirlpool_final.fits[2600:3400,1200:1900] 
Init. par. file : galfit_wirlpool.feedme 
Restart file    : galfit.03 
Output image    : imgblock_whirlpool.fits 

 sersic    : ( 3000.53,  1542.16)    4.36     55.04    2.49   [1.00]   [0.00]
             (    0.02,     0.02)    0.02      0.96    0.02   [0.00]   [0.00]
 sky       : [3000.00, 1550.00]    98.47  -1.17e-01  -2.66e-02
                                  0.72  1.77e-03  2.03e-03
 sersic    : ( 3015.04,  1580.34)    3.70    203.72    0.15   [1.00]   [0.00]
             (    1.26,     1.38)    0.01      0.43    0.00   [0.00]   [0.00]
 Chi^2 = 5428259.78101,  ndof = 561488
 Chi^2/nu = 9.668 

-----------------------------------------------------------------------------
-----------------------------------------------------------------------------

Input image     : science_whirlpool_final.fits[2600:3400,1200:1900] 
Init. par. file : galfit_wirlpool.feedme 
Restart file    : galfit.04 
Output image    : imgblock_whirlpool.fits 

 sersic    : ( 3000.53,  1542.16)    4.36     54.95    2.49   [1.00]   [0.00]
             (    0.02,     0.02)    0.02      0.96    0.02   [0.00]   [0.00]
 sky       : [3000.00, 1550.00]    98.45  -1.17e-01  -2.67e-02
                                  0.72  1.77e-03  2.04e-03
 sersic    : ( 3015.04,  1580.34)    3.70    203.70    0.15   [1.00]   [0.00]
             (    1.26,     1.38)    0.01      0.42    0.00   [0.00]   [0.00]
 Chi^2 = 5428263.06610,  ndof = 561488
 Chi^2/nu = 9.668 

-----------------------------------------------------------------------------
-----------------------------------------------------------------------------

Input image     : science_whirlpool_final.fits[2600:3400,1200:1900] 
Init. par. file : galfit_wirlpool.feedme 
Restart file    : galfit.05 
Output image    : imgblock_whirlpool.fits 

 sersic    : ( 3000.71,  1540.80)    5.10     29.10    0.79   [1.00]   [0.00]
             (    0.09,     0.09)    0.01      0.17    0.01   [0.00]   [0.00]
 sky       : [3000.00, 1550.00]    96.24  -1.48e-01  -4.09e-02
                                  1.06  1.76e-03  2.00e-03
 sersic    : ( 3034.13,  1582.35)    3.43    189.02    0.31   [1.00]   [0.00]
             (    1.02,     1.16)    0.02      1.02    0.00   [0.00]   [0.00]
 expdisk   : ( 3000.51,  1542.34)    7.86      2.64   [1.00]   [0.00]
             (    0.02,     0.02)    0.03      0.04   [0.00]   [0.00]
 Chi^2 = 5404872.45014,  ndof = 561484
 Chi^2/nu = 9.626 

-----------------------------------------------------------------------------
-----------------------------------------------------------------------------

Input image     : science_whirlpool_final.fits[2600:3400,1200:1900] 
Init. par. file : galfit_wirlpool.feedme 
Restart file    : galfit.06 
Output image    : imgblock_whirlpool.fits 

 sersic    : ( 3000.71,  1540.80)    5.10     29.09    0.79   [1.00]   [0.00]
             (    0.09,     0.09)    0.01      0.17    0.01   [0.00]   [0.00]
 sky       : [3000.00, 1550.00]    95.91  -1.49e-01  -4.09e-02
                                  1.08  1.76e-03  2.00e-03
 sersic    : ( 3034.10,  1582.31)    3.42    189.39    0.31   [1.00]   [0.00]
             (    1.04,     1.17)    0.02      1.04    0.00   [0.00]   [0.00]
 expdisk   : ( 3000.51,  1542.34)    7.86      2.64   [1.00]   [0.00]
             (    0.02,     0.02)    0.03      0.04   [0.00]   [0.00]
 Chi^2 = 5404881.59557,  ndof = 561484
 Chi^2/nu = 9.626 

-----------------------------------------------------------------------------
-----------------------------------------------------------------------------

Input image     : science_whirlpool_final.fits[2000:3000,1:2500] 
Init. par. file : galfit_bode.feedme 
Restart file    : galfit.01 
Output image    : imgblock_bode.fits 

 sersic    : ( 2498.57,  1799.95)   20.48     *0.03*   0.80   [1.00]   [0.00]
             (49953.12, 87660.24) 73284.20 *820158.06* 42537040.00   [0.00]   [0.00]
 sky       : [2500.00, 1250.50]    67.59  7.07e-02  7.68e-02
                                  0.14  4.74e-04  1.90e-04
 Chi^2 = 15957034.26421,  ndof = 2502492
 Chi^2/nu = 6.376 

-----------------------------------------------------------------------------
-----------------------------------------------------------------------------

Input image     : science_bode_final.fits[2000:3000,1:2500] 
Init. par. file : galfit_bode.feedme 
Restart file    : galfit.02 
Output image    : imgblock_bode.fits 

 sersic    : ( 2536.63,  1779.28)    1.44    325.32    4.51   [1.00]   [0.00]
             (    0.01,     0.01)    0.01      4.71    0.02   [0.00]   [0.00]
 sky       : [2500.00, 1250.50]    75.84  -2.19e-03  9.62e-02
                                  0.38  1.22e-03  4.85e-04
 Chi^2 = 47197440.50203,  ndof = 2502492
 Chi^2/nu = 18.860 

-----------------------------------------------------------------------------
-----------------------------------------------------------------------------

Input image     : science_bode_final.fits[2000:3000,1000:2550] 
Init. par. file : galfit_bode.feedme 
Restart file    : galfit.03 
Output image    : imgblock_bode.fits 

 sersic    : ( 2536.65,  1779.30)    1.47    315.87    4.50   [1.00]   [0.00]
             (    0.01,     0.01)    0.01      3.85    0.02   [0.00]   [0.00]
 sky       : [2500.00, 1775.00]   131.01  -7.12e-03  4.97e-02
                                  0.44  1.24e-03  8.00e-04
 Chi^2 = 35120742.45518,  ndof = 1552543
 Chi^2/nu = 22.621 

-----------------------------------------------------------------------------
-----------------------------------------------------------------------------

Input image     : science_bode_final.fits[2000:3000,1000:2450] 
Init. par. file : galfit_bode.feedme 
Restart file    : galfit.04 
Output image    : imgblock_bode.fits 

 sersic    : ( 2536.66,  1779.30)    1.56    282.66    4.37   [1.00]   [0.00]
             (    0.01,     0.01)    0.01      3.47    0.02   [0.00]   [0.00]
 sky       : [2500.00, 1725.00]   136.86  -5.94e-03  6.47e-02
                                  0.48  1.34e-03  6.69e-04
 Chi^2 = 33948420.76795,  ndof = 1452443
 Chi^2/nu = 23.373 

-----------------------------------------------------------------------------
-----------------------------------------------------------------------------

Input image     : science_bode_final.fits[2000:3000,1000:2450] 
Init. par. file : galfit_bode.feedme 
Restart file    : galfit.05 
Output image    : imgblock_bode.fits 

 sersic    : ( 2536.66,  1779.30)    1.56    282.69    4.37   [1.00]   [0.00]
             (    0.01,     0.01)    0.01      3.47    0.02   [0.00]   [0.00]
 sky       : [2500.00, 1725.00]   136.86  -5.94e-03  6.47e-02
                                  0.48  1.34e-03  6.69e-04
 Chi^2 = 33948421.13337,  ndof = 1452443
 Chi^2/nu = 23.373 

-----------------------------------------------------------------------------
-----------------------------------------------------------------------------

Input image     : science_bode_final.fits[2000:3000,1100:2500] 
Init. par. file : galfit_bode.feedme 
Restart file    : galfit.06 
Output image    : imgblock_bode.fits 

 sersic    : ( 2536.66,  1779.30)    3.98    279.87    4.36   [1.00]   [0.00]
             (    0.01,     0.01)    0.01      3.46    0.02   [0.00]   [0.00]
 sky       : [2500.00, 1800.00]   142.77  -5.90e-03  4.52e-02
                                  0.49  1.36e-03  9.65e-04
 Chi^2 = 35679245.93866,  ndof = 1402393
 Chi^2/nu = 25.442 

-----------------------------------------------------------------------------
-----------------------------------------------------------------------------

Input image     : science_whirlpool_final.fits[2600:3400,1200:1900] 
Init. par. file : galfit_wirlpool.feedme 
Restart file    : galfit.07 
Output image    : imgblock_whirlpool.fits 

 sersic    : ( 3000.51,  1542.28)    2.63    380.05    4.56   [1.00]   [0.00]
             (    0.01,     0.02)    0.03     15.03    0.05   [0.00]   [0.00]
 sky       : [3000.00, 1550.00]   106.43  -1.00e-01  2.27e-02
                                  0.79  1.78e-03  2.02e-03
 Chi^2 = 5505272.95232,  ndof = 561493
 Chi^2/nu = 9.805 

-----------------------------------------------------------------------------
-----------------------------------------------------------------------------

Input image     : science_whirlpool_final.fits[2600:3400,1200:1900] 
Init. par. file : galfit_wirlpool.feedme 
Restart file    : galfit.08 
Output image    : imgblock_whirlpool.fits 

 sersic    : ( 3000.53,  1542.16)    4.36     54.95    2.49   [1.00]   [0.00]
             (    0.02,     0.02)    0.02      0.96    0.02   [0.00]   [0.00]
 sky       : [3000.00, 1550.00]    98.85  -1.18e-01  -2.70e-02
                                  0.71  1.77e-03  2.01e-03
 sersic    : ( 3015.50,  1580.70)    3.71    203.30    0.14   [1.00]   [0.00]
             (    1.23,     1.35)    0.01      0.42    0.00   [0.00]   [0.00]
 Chi^2 = 5428252.78080,  ndof = 561488
 Chi^2/nu = 9.668 

-----------------------------------------------------------------------------
-----------------------------------------------------------------------------

Input image     : science_whirlpool_final.fits[2600:3400,1200:1900] 
Init. par. file : galfit_wirlpool.feedme 
Restart file    : galfit.09 
Output image    : imgblock_whirlpool.fits 

 expdisk   : ( 3000.61,  1541.81)    4.79     18.81    0.85    17.92
             (    0.05,     0.06)    0.00      0.08    0.00     0.90
 sky       : [3000.00, 1550.00]   169.92  -1.00e-01  1.53e-02
                                  0.43  1.83e-03  2.09e-03
 Chi^2 = 5806173.91403,  ndof = 561492
 Chi^2/nu = 10.341 

-----------------------------------------------------------------------------
-----------------------------------------------------------------------------

Input image     : science_whirlpool_final.fits[2600:3400,1200:1900] 
Init. par. file : galfit_wirlpool.feedme 
Restart file    : galfit.10 
Output image    : imgblock_whirlpool.fits 

 expdisk   : ( 3008.47,  1512.70)   -1.48     *0.01*  *0.10*   25.90
             (    0.00,     0.00)    0.00     *0.00*  *0.00*    0.00
 sky       : [3000.00, 1550.00]    10.05  -2.53e-05  2.78e-06
                                  0.55  2.38e-03  2.72e-03
 Chi^2 = 9824681.38297,  ndof = 561492
 Chi^2/nu = 17.497 

-----------------------------------------------------------------------------
-----------------------------------------------------------------------------

Input image     : science_whirlpool_final.fits[2600:3400,1200:1900] 
Init. par. file : galfit_wirlpool.feedme 
Restart file    : galfit.11 
Output image    : imgblock_whirlpool.fits 

 expdisk   : ( 3000.61,  1541.81)    4.79     18.81    0.85    17.92
             (    0.05,     0.06)    0.00      0.08    0.00     0.90
 sky       : [3000.00, 1550.00]   169.92  -1.00e-01  1.53e-02
                                  0.43  1.83e-03  2.09e-03
 Chi^2 = 5806173.91403,  ndof = 561492
 Chi^2/nu = 10.341 

-----------------------------------------------------------------------------
-----------------------------------------------------------------------------

Input image     : science_whirlpool_final.fits[2600:3400,1200:1900] 
Init. par. file : galfit_wirlpool.feedme 
Restart file    : galfit.12 
Output image    : imgblock_whirlpool.fits 

 gaussian  : ( 3000.93,  1450.51)   12.33     [5.00]   1.00   -47.59
             (    0.52,     0.52)    0.26     [0.00]   0.30  6012.82
 sky       : [3000.00, 1550.00]   191.98  -9.99e-02  1.09e-02
                                  0.49  2.13e-03  2.43e-03
 Chi^2 = 7877154.38390,  ndof = 561493
 Chi^2/nu = 14.029 

-----------------------------------------------------------------------------
-----------------------------------------------------------------------------

Input image     : science_whirlpool_final.fits[2600:3400,1200:1900] 
Init. par. file : galfit_wirlpool.feedme 
Restart file    : galfit.13 
Output image    : imgblock_whirlpool.fits 

 gaussian  : ( 3000.54,  1544.17)    9.59     [2.50]   1.00    -3.22
             (    0.02,     0.02)    0.01     [0.00]   0.01   208.13
 sky       : [3000.00, 1550.00]   191.79  -9.99e-02  1.09e-02
                                  0.49  2.11e-03  2.41e-03
 Chi^2 = 7704181.44026,  ndof = 561493
 Chi^2/nu = 13.721 

-----------------------------------------------------------------------------
-----------------------------------------------------------------------------

Input image     : science_whirlpool_final.fits[2600:3400,1200:1900] 
Init. par. file : galfit_wirlpool.feedme 
Restart file    : galfit.14 
Output image    : imgblock_whirlpool.fits 

 sersic    : ( 2999.94,  1547.75)   12.11     *0.01*   0.69   *0.05*  -21.59
             (    0.01,     0.00)  148.09     *0.25* 211.59   *4.84*  381.81
 sky       : [3000.00, 1550.00]   192.00  -9.99e-02  1.09e-02
                                  0.49  2.13e-03  2.43e-03
 Chi^2 = 7874886.75081,  ndof = 561491
 Chi^2/nu = 14.025 

-----------------------------------------------------------------------------
-----------------------------------------------------------------------------

Input image     : science_whirlpool_final.fits[2600:3400,1200:1900] 
Init. par. file : galfit_wirlpool.feedme 
Restart file    : galfit.15 
Output image    : imgblock_whirlpool.fits 

 expdisk   : ( 3000.61,  1541.81)    4.79     18.81    0.85    17.92
             (    0.05,     0.06)    0.00      0.08    0.00     0.90
 sky       : [3000.00, 1550.00]   169.92  -1.00e-01  1.53e-02
                                  0.43  1.83e-03  2.09e-03
 Chi^2 = 5806173.91403,  ndof = 561492
 Chi^2/nu = 10.341 

-----------------------------------------------------------------------------
-----------------------------------------------------------------------------

Input image     : science_whirlpool_final.fits[2600:3400,1200:1900] 
Init. par. file : galfit_wirlpool.feedme 
Restart file    : galfit.16 
Output image    : imgblock_whirlpool.fits 

 sersic    : ( 3028.85,  1581.03)    3.44    189.67    0.29   [1.00]   [0.00]
             (    0.98,     1.10)    0.01      0.88    0.00   [0.00]   [0.00]
 sersic    : ( 3000.49,  1542.34)    8.03      3.90    0.88   [1.00]   [0.00]
             (    0.02,     0.02)    0.03      0.08    0.02   [0.00]   [0.00]
 sersic    : ( 3001.04,  1540.93)    5.05     29.09    0.85   [1.00]   [0.00]
             (    0.06,     0.09)    0.01      0.17    0.01   [0.00]   [0.00]
   fourier : (2:  0.06,   87.06)  (3: -0.03,   30.53)  
             (2:  0.01,   27.87)  (3:  0.00,    3.40)  
   bend    : (1: -2.99e+00)  (2:  1.86e+00)  
             (1:  0.00e+00)  (2:  0.00e+00)  
 sky       : [3000.00, 1550.00]    96.89  -1.40e-01  -3.83e-02
                                  0.96  1.76e-03  2.00e-03
 Chi^2 = 5397477.01337,  ndof = 561477
 Chi^2/nu = 9.613 

-----------------------------------------------------------------------------
-----------------------------------------------------------------------------

Input image     : science_whirlpool_final.fits[2600:3400,1200:1900] 
Init. par. file : galfit_wirlpool.feedme 
Restart file    : galfit.17 
Output image    : imgblock_whirlpool.fits 

 sersic    : ( 3001.28,  1537.06)    6.73     25.78    0.34   [1.00]   [0.00]
             (    0.34,     0.36)    0.04      0.27    0.01   [0.00]   [0.00]
 sersic    : ( 3000.51,  1542.29)    4.25     85.96    3.36   [1.00]   [0.00]
             (    0.01,     0.02)    0.03      3.12    0.05   [0.00]   [0.00]
 sersic    : ( 2950.85,  1467.69)    3.13    247.31    0.18   [1.00]   [0.00]
             (    1.40,     2.52)    0.01      1.10    0.00   [0.00]   [0.00]
   bend    : (1:  1.89e+02)  (2:  1.11e+02)  
             (1:  3.93e+00)  (2:  2.23e+00)  
 sky       : [3000.00, 1550.00]    67.87  -2.65e-02  1.01e-01
                                  0.73  1.75e-03  1.97e-03
 Chi^2 = 5395071.10087,  ndof = 561481
 Chi^2/nu = 9.609 

-----------------------------------------------------------------------------
-----------------------------------------------------------------------------

Input image     : science_whirlpool_final.fits[2600:3400,1200:1900] 
Init. par. file : galfit_wirlpool.feedme 
Restart file    : galfit.18 
Output image    : imgblock_whirlpool.fits 

 sersic    : ( 3001.48,  1536.58)    6.70     26.12    0.37   [1.00]   [0.00]
             (    0.01,     0.03)    0.01      0.01    0.00   [0.00]   [0.00]
 sersic    : ( 3000.51,  1542.30)    4.27     83.59    3.32   [1.00]   [0.00]
             (    0.00,     0.00)    0.00      0.14    0.01   [0.00]   [0.00]
 sersic    : ( 2936.67,  1468.83)    3.09    239.45    0.20   [1.00]   [0.00]
             (    0.00,     0.06)    0.01      0.44    0.00   [0.00]   [0.00]
   bend    : (1:  1.52e+02)  (2:  6.58e+01)  
             (1:  7.72e-01)  (2:  8.46e-01)  
 sersic    : (*3546.56*, 1385.31)    3.61    350.12   *0.04*  [1.00]   [0.00]
             (   *0.06*,    0.08)    0.01      0.00   *0.00*  [0.00]   [0.00]
 sky       : [3000.00, 1550.00]    46.28  -8.39e-02  1.55e-01
                                  0.86  1.71e-03  1.94e-03
 Chi^2 = 5386403.86020,  ndof = 561476
 Chi^2/nu = 9.593 

-----------------------------------------------------------------------------
-----------------------------------------------------------------------------

Input image     : science_whirlpool_final.fits[2600:3400,1200:1900] 
Init. par. file : galfit_wirlpool.feedme 
Restart file    : galfit.19 
Output image    : imgblock_whirlpool.fits 

 sersic    : ( 3001.31,  1537.00)    6.71     25.76    0.36   [1.00]   [0.00]
             (    0.01,     0.09)    0.01      0.11    0.01   [0.00]   [0.00]
 sersic    : ( 3000.51,  1542.30)    4.25     87.55    3.39   [1.00]   [0.00]
             (    0.00,     0.00)    0.03      3.29    0.05   [0.00]   [0.00]
 sersic    : ( 2949.25,  1467.16)    3.87    248.12    0.18   [1.00]   [0.00]
             ( 1499.62,  2400.29)   15.04    965.50    0.77   [0.00]   [0.00]
   bend    : (1:  1.91e+02)  (2:  1.11e+02)  
             (1:  2.92e+03)  (2:  1.34e+03)  
 sersic    : ( 2949.43,  1466.98)    3.87    248.13    0.18   [1.00]   [0.00]
             ( 1496.48,  2395.61)   15.03    963.91    0.77   [0.00]   [0.00]
   bend    : (1:  1.91e+02)  (2:  1.11e+02)  
             (1:  2.92e+03)  (2:  1.34e+03)  
 sky       : [3000.00, 1550.00]    67.21  -2.59e-02  1.01e-01
                                  0.54  2.04e-03  2.14e-03
 Chi^2 = 5395063.98268,  ndof = 561474
 Chi^2/nu = 9.609 

-----------------------------------------------------------------------------
-----------------------------------------------------------------------------

Input image     : science_whirlpool_final.fits[2600:3400,1200:1900] 
Init. par. file : galfit_wirlpool.feedme 
Restart file    : galfit.20 
Output image    : imgblock_whirlpool.fits 

 sersic    : ( 3000.96,  1537.52)    6.48     27.61    0.37   [1.00]   [0.00]
             (    0.00,     0.05)    0.00      0.17    0.00   [0.00]   [0.00]
 sersic    : ( 3000.51,  1542.29)    4.62     60.33    3.05   [1.00]   [0.00]
             (    0.00,     0.00)    0.02      1.88    0.04   [0.00]   [0.00]
 sersic    : ( 2938.87,  1474.81)    4.38    171.56   *0.04*  [1.00]   [0.00]
             (    0.13,     0.09)    0.01      0.00   *0.00*  [0.00]   [0.00]
   bend    : (1:  5.76e+01)  (2:  9.41e+01)  
             (1:  1.47e-01)  (2:  6.16e-02)  
   fourier : (1: -0.20,   95.69)  (3: -0.26,    7.72)  
             (1:  0.15,    0.06)  (3:  0.00,    0.00)  
 sersic    : ( 2968.51,  1471.41)    3.51    278.84    0.06   [1.00]   [0.00]
             (    0.75,     1.96)    0.02      0.00    0.00   [0.00]   [0.00]
   bend    : (1:  2.30e+02)  (2:  1.49e+02)  
             (1:  4.63e+00)  (2:  3.13e+00)  
 sky       : [3000.00, 1550.00]    71.35  -4.53e-02  9.08e-02
                                  0.93  1.59e-03  1.81e-03
 Chi^2 = 5363298.38119,  ndof = 561470
 Chi^2/nu = 9.552 

-----------------------------------------------------------------------------
-----------------------------------------------------------------------------

Input image     : science_whirlpool_final.fits[2600:3400,1200:1900] 
Init. par. file : galfit_wirlpool.feedme 
Restart file    : galfit.21 
Output image    : imgblock_whirlpool.fits 

 sersic    : ( 3001.25,  1537.14)    6.63     26.28    0.36   [1.00]   [0.00]
             (    0.01,     0.04)    0.01      0.03    0.00   [0.00]   [0.00]
 sersic    : ( 3000.51,  1542.30)    4.38     77.02    3.28   [1.00]   [0.00]
             (    0.00,     0.00)    0.01      0.59    0.01   [0.00]   [0.00]
 sersic    : ( 2750.18,  1393.71)    3.79    250.68   *0.05*  [1.00]   [0.00]
             (    1.70,     1.48)    0.01      0.00   *0.00*  [0.00]   [0.00]
   bend    : (1:  3.42e+02)  (2:  6.39e+01)  
             (1:  9.80e-01)  (2:  3.16e+00)  
 sersic    : ( 3078.69,  1518.92)    3.85    245.67    0.06   [1.00]   [0.00]
             (    0.98,     1.38)    0.01      0.58    0.00   [0.00]   [0.00]
   bend    : (1:  9.11e+01)  (2:  1.26e+02)  
             (1:  2.77e+00)  (2:  2.29e+00)  
 sky       : [3000.00, 1550.00]    70.88  -4.90e-02  1.06e-01
                                  0.75  1.77e-03  1.98e-03
 Chi^2 = 5380320.17592,  ndof = 561474
 Chi^2/nu = 9.582 

-----------------------------------------------------------------------------
-----------------------------------------------------------------------------

Input image     : science_whirlpool_final.fits[2600:3400,1200:1900] 
Init. par. file : galfit_wirlpool.feedme 
Restart file    : galfit.22 
Output image    : imgblock_whirlpool.fits 

 sersic    : ( 3001.25,  1537.14)    6.63     26.28    0.36   [1.00]   [0.00]
             (    0.01,     0.04)    0.01      0.03    0.00   [0.00]   [0.00]
 sersic    : ( 3000.51,  1542.30)    4.38     77.02    3.28   [1.00]   [0.00]
             (    0.00,     0.00)    0.01      0.59    0.01   [0.00]   [0.00]
 sersic    : ( 2750.18,  1393.71)    3.79    250.68   *0.05*  [1.00]   [0.00]
             (    1.70,     1.48)    0.01      0.00   *0.00*  [0.00]   [0.00]
   bend    : (1:  3.42e+02)  (2:  6.39e+01)  
             (1:  9.80e-01)  (2:  3.16e+00)  
 sersic    : ( 3078.69,  1518.92)    3.85    245.67    0.06   [1.00]   [0.00]
             (    0.98,     1.38)    0.01      0.58    0.00   [0.00]   [0.00]
   bend    : (1:  9.11e+01)  (2:  1.26e+02)  
             (1:  2.77e+00)  (2:  2.29e+00)  
 sky       : [3000.00, 1550.00]    70.88  -4.90e-02  1.06e-01
                                  0.75  1.77e-03  1.98e-03
 Chi^2 = 5380320.17592,  ndof = 561474
 Chi^2/nu = 9.582 

-----------------------------------------------------------------------------
-----------------------------------------------------------------------------

Input image     : science_whirlpool_final.fits[2600:3400,1200:1900] 
Init. par. file : galfit_wirlpool.feedme 
Restart file    : galfit.23 
Output image    : imgblock_whirlpool.fits 

 sersic    : ( 3001.25,  1537.14)    6.63     26.28    0.36   [1.00]   [0.00]
             (    0.01,     0.04)    0.01      0.03    0.00   [0.00]   [0.00]
 sersic    : ( 3000.51,  1542.30)    4.38     77.02    3.28   [1.00]   [0.00]
             (    0.00,     0.00)    0.01      0.59    0.01   [0.00]   [0.00]
 sersic    : ( 2750.18,  1393.71)    3.79    250.68   *0.05*  [1.00]   [0.00]
             (    1.70,     1.48)    0.01      0.00   *0.00*  [0.00]   [0.00]
   bend    : (1:  3.42e+02)  (2:  6.39e+01)  
             (1:  9.80e-01)  (2:  3.16e+00)  
 sersic    : ( 3078.69,  1518.92)    3.85    245.67    0.06   [1.00]   [0.00]
             (    0.98,     1.38)    0.01      0.58    0.00   [0.00]   [0.00]
   bend    : (1:  9.11e+01)  (2:  1.26e+02)  
             (1:  2.77e+00)  (2:  2.29e+00)  
 sky       : [3000.00, 1550.00]    70.88  -4.90e-02  1.06e-01
                                  0.75  1.77e-03  1.98e-03
 Chi^2 = 5380320.17592,  ndof = 561474
 Chi^2/nu = 9.582 

-----------------------------------------------------------------------------
-----------------------------------------------------------------------------

Input image     : science_whirlpool_final.fits[2600:3400,1200:1900] 
Init. par. file : galfit_wirlpool.feedme 
Restart file    : galfit.24 
Output image    : imgblock_whirlpool.fits 

 sersic    : ( 3001.25,  1537.14)    6.63     26.28    0.36   [1.00]   [0.00]
             (    0.01,     0.04)    0.01      0.03    0.00   [0.00]   [0.00]
 sersic    : ( 3000.51,  1542.30)    4.38     77.02    3.28   [1.00]   [0.00]
             (    0.00,     0.00)    0.01      0.59    0.01   [0.00]   [0.00]
 sersic    : ( 2750.18,  1393.71)    3.79    250.68   *0.05*  [1.00]   [0.00]
             (    1.70,     1.48)    0.01      0.00   *0.00*  [0.00]   [0.00]
   bend    : (1:  3.42e+02)  (2:  6.39e+01)  
             (1:  9.80e-01)  (2:  3.16e+00)  
 sersic    : ( 3078.69,  1518.92)    3.85    245.67    0.06   [1.00]   [0.00]
             (    0.98,     1.38)    0.01      0.58    0.00   [0.00]   [0.00]
   bend    : (1:  9.11e+01)  (2:  1.26e+02)  
             (1:  2.77e+00)  (2:  2.29e+00)  
 sky       : [3000.00, 1550.00]    70.88  -4.90e-02  1.06e-01
                                  0.75  1.77e-03  1.98e-03
 Chi^2 = 5380320.17592,  ndof = 561474
 Chi^2/nu = 9.582 

-----------------------------------------------------------------------------
-----------------------------------------------------------------------------

Input image     : science_whirlpool_final.fits[2600:3400,1200:1900] 
Init. par. file : galfit_wirlpool.feedme 
Restart file    : galfit.25 
Output image    : imgblock_whirlpool.fits 

 sersic    : ( 3001.43,  1536.79)    6.73     25.42    0.36   [1.00]   [0.00]
             (    0.33,     0.35)    0.03      0.27    0.01   [0.00]   [0.00]
 sersic    : ( 3000.51,  1542.30)    4.18     93.74    3.46   [1.00]   [0.00]
             (    0.01,     0.02)    0.03      3.78    0.05   [0.00]   [0.00]
 sersic    : ( 2943.06,  1462.86)    3.12    250.19    0.18   [1.00]   [0.00]
             (    1.57,     2.72)    0.01      1.21    0.00   [0.00]   [0.00]
   bend    : (1:  2.03e+02)  (2:  1.15e+02)  
             (1:  4.30e+00)  (2:  2.33e+00)  
 sky       : [3000.00, 1550.00]    67.49  -2.65e-02  1.00e-01
                                  0.76  1.75e-03  1.98e-03
 Chi^2 = 5395101.80670,  ndof = 561481
 Chi^2/nu = 9.609 

-----------------------------------------------------------------------------
-----------------------------------------------------------------------------

Input image     : science_whirlpool_final.fits[2600:3400,1200:1900] 
Init. par. file : galfit_wirlpool.feedme 
Restart file    : galfit.26 
Output image    : imgblock_whirlpool.fits 

 sersic    : ( 3001.37,  1536.87)    6.71     25.62    0.36   [1.00]   [0.00]
             (    0.01,     0.02)    0.01      0.04    0.00   [0.00]   [0.00]
 sersic    : ( 3000.51,  1542.30)    4.22     90.35    3.42   [1.00]   [0.00]
             (    0.00,     0.00)    0.01      0.95    0.01   [0.00]   [0.00]
 sersic    : ( 2946.42,  1464.71)    3.88    249.07    0.18   [1.00]   [0.00]
             (  389.78,   277.74)    0.76    301.64    0.28   [0.00]   [0.00]
   bend    : (1:  1.97e+02)  (2:  1.13e+02)  
             (1:  4.02e+02)  (2:  5.44e+02)  
 sersic    : ( 2945.98,  1464.98)    3.88    248.96    0.18   [1.00]   [0.00]
             (  388.30,   276.04)    0.76    299.37    0.28   [0.00]   [0.00]
   bend    : (1:  1.97e+02)  (2:  1.13e+02)  
             (1:  4.01e+02)  (2:  5.42e+02)  
 sky       : [3000.00, 1550.00]    67.53  -2.61e-02  1.01e-01
                                  0.65  2.63e-03  2.00e-03
 Chi^2 = 5395071.15204,  ndof = 561474
 Chi^2/nu = 9.609 

-----------------------------------------------------------------------------
-----------------------------------------------------------------------------

Input image     : science_whirlpool_final.fits[2600:3400,1200:1900] 
Init. par. file : galfit_wirlpool.feedme 
Restart file    : galfit.27 
Output image    : imgblock_whirlpool.fits 

 expdisk   : ( 3001.69,  1541.06)  *32.11*   135.41   *0.05*   44.09
             (42715217920.00, 44122972160.00) *597170048.00* 91673780224.00 *29690038.00* 2086502016.00
 sersic    : ( 3000.53,  1542.20)    4.09     73.80    2.83   [1.00]   [0.00]
             (    0.02,     0.02)    0.01      1.04    0.02   [0.00]   [0.00]
 sersic    : ( 2989.57,  1457.80)    3.93    251.95    0.19   [1.00]   [0.00]
             (    8.54,     7.40)    0.15      2.39    0.01   [0.00]   [0.00]
   bend    : (1:  2.09e+02)  (2:  1.20e+02)  
             (1:  1.34e+01)  (2:  7.46e+00)  
 sersic    : ( 2919.04,  1470.58)    3.93    253.77    0.09   [1.00]   [0.00]
             (    3.63,     5.03)    0.13      2.44    0.01   [0.00]   [0.00]
   bend    : (1:  2.12e+02)  (2:  1.17e+02)  
             (1:  7.38e+00)  (2:  4.50e+00)  
 sky       : [3000.00, 1550.00]    70.07  -4.51e-02  9.36e-02
                                  0.70  2.22e-03  2.00e-03
 Chi^2 = 5407876.27786,  ndof = 561473
 Chi^2/nu = 9.632 

-----------------------------------------------------------------------------
-----------------------------------------------------------------------------

Input image     : science_whirlpool_final.fits[2600:3400,1200:1900] 
Init. par. file : galfit_wirlpool.feedme 
Restart file    : galfit.28 
Output image    : imgblock_whirlpool.fits 

 sersic    : ( 3001.31,  1537.01)    6.73     25.74    0.35   [1.00]   [0.00]
             (    0.34,     0.36)    0.04      0.27    0.01   [0.00]   [0.00]
 sersic    : ( 3000.51,  1542.30)    4.25     86.62    3.37   [1.00]   [0.00]
             (    0.01,     0.02)    0.03      3.16    0.05   [0.00]   [0.00]
 sersic    : ( 2950.00,  1467.71)    3.12    248.07    0.18   [1.00]   [0.00]
             (    1.41,     2.57)    0.01      1.12    0.00   [0.00]   [0.00]
   bend    : (1:  1.90e+02)  (2:  1.10e+02)  
             (1:  3.93e+00)  (2:  2.23e+00)  
 sky       : [3000.00, 1550.00]    67.34  -2.68e-02  1.00e-01
                                  0.77  1.75e-03  1.98e-03
 Chi^2 = 5395069.42195,  ndof = 561481
 Chi^2/nu = 9.609 

-----------------------------------------------------------------------------
-----------------------------------------------------------------------------

Input image     : science_whirlpool_final.fits[2600:3400,1200:1900] 
Init. par. file : galfit_wirlpool.feedme 
Restart file    : galfit.29 
Output image    : imgblock_whirlpool.fits 

 sersic    : ( 3001.09,  1538.25)    6.58     25.58    0.34   [1.00]   [0.00]
             (    0.25,     0.23)    0.03      0.23    0.01   [0.00]   [0.00]
 sersic    : ( 2999.56,  1541.64)    4.62    162.82    4.30   [1.00]   [0.00]
             (    0.02,     0.03)    1.06    163.14    0.77   [0.00]   [0.00]
 sersic    : ( 3001.39,  1542.57)    4.80    115.35    3.99   [1.00]   [0.00]
             (    0.02,     0.02)    0.89     97.89    0.67   [0.00]   [0.00]
 sersic    : ( 2943.30,  1462.45)    3.15    250.84    0.18   [1.00]   [0.00]
             (    1.73,     2.94)    0.01      1.25    0.00   [0.00]   [0.00]
   bend    : (1:  2.07e+02)  (2:  1.16e+02)  
             (1:  4.26e+00)  (2:  2.38e+00)  
 sky       : [3000.00, 1550.00]    65.88  -3.04e-02  9.79e-02
                                  0.99  1.75e-03  1.98e-03
 Chi^2 = 5390730.82598,  ndof = 561476
 Chi^2/nu = 9.601 

-----------------------------------------------------------------------------
-----------------------------------------------------------------------------

Input image     : science_whirlpool_final.fits[2600:3400,1200:1900] 
Init. par. file : galfit_wirlpool.feedme 
Restart file    : galfit.30 
Output image    : imgblock_whirlpool.fits 

 sersic    : ( 3001.11,  1538.03)    6.49     26.15    0.38   [1.00]   [0.00]
             (    0.02,     0.02)    0.00      0.05    0.00   [0.00]   [0.00]
 sersic    : ( 2999.56,  1541.64)    4.59    171.66    4.38   [1.00]   [0.00]
             (    0.00,     0.00)    0.01      2.58    0.04   [0.00]   [0.00]
 sersic    : ( 3001.39,  1542.57)    4.82    115.39    4.01   [1.00]   [0.00]
             (    0.00,     0.00)    0.05      4.95    0.04   [0.00]   [0.00]
 sersic    : ( 2955.76,  1477.10)    3.50    241.28    0.13   [1.00]   [0.00]
             (    0.30,     0.46)    0.01      1.36    0.00   [0.00]   [0.00]
   bend    : (1:  1.62e+02)  (2:  9.85e+01)  
             (1:  5.99e+00)  (2:  3.11e+00)  
   power   : 29409782116909056.00     96.85   219.46      0.52  -26.69    28.41
           :      5.99      3.11     0.00      8.24    0.00     0.00
 sky       : [3000.00, 1550.00]    81.36  -4.37e-02  7.51e-02
                                  0.76  1.72e-03  1.95e-03
 Chi^2 = 5389878.58811,  ndof = 561470
 Chi^2/nu = 9.600 

-----------------------------------------------------------------------------
-----------------------------------------------------------------------------

Input image     : science_whirlpool_final.fits[2600:3400,1200:1900] 
Init. par. file : galfit_wirlpool.feedme 
Restart file    : galfit.31 
Output image    : imgblock_whirlpool.fits 

 sersic    : ( 3001.34,  1539.07)    6.33     26.78    0.35   [1.00]   [0.00]
             (    0.26,     0.26)    0.07      0.23    0.02   [0.00]   [0.00]
 sersic    : ( 2999.56,  1541.59)    3.29    435.36    4.47   [1.00]   [0.00]
             (    0.03,     0.03)    0.24    146.94    0.36   [0.00]   [0.00]
 sersic    : ( 3001.18,  1542.56)    6.76     15.99    2.23   [1.00]   [0.00]
             (    0.03,     0.02)    0.20      2.83    0.14   [0.00]   [0.00]
 sersic    : ( 2932.61,  1453.14)    3.18    252.91    0.16   [1.00]   [0.00]
             (    1.87,     3.12)    0.01      1.42    0.00   [0.00]   [0.00]
   bend    : (1:  2.26e+02)  (2:  1.28e+02)  
             (1:  5.11e+00)  (2:  2.60e+00)  
 sky       : [3000.00, 1550.00]    59.44  -2.95e-02  9.98e-02
                                  1.78  1.75e-03  1.98e-03
 Chi^2 = 5388037.15072,  ndof = 561476
 Chi^2/nu = 9.596 

-----------------------------------------------------------------------------
-----------------------------------------------------------------------------

Input image     : science_whirlpool_final.fits[2600:3400,1200:1900] 
Init. par. file : galfit_wirlpool.feedme 
Restart file    : galfit.32 
Output image    : imgblock_whirlpool.fits 

 sersic    : ( 3001.34,  1539.07)    6.33     26.78    0.35   [1.00]   [0.00]
             (    0.26,     0.26)    0.07      0.23    0.02   [0.00]   [0.00]
 sersic    : ( 2999.56,  1541.59)    3.29    435.36    4.47   [1.00]   [0.00]
             (    0.03,     0.03)    0.24    146.94    0.36   [0.00]   [0.00]
 sersic    : ( 3001.18,  1542.56)    6.76     15.99    2.23   [1.00]   [0.00]
             (    0.03,     0.02)    0.20      2.83    0.14   [0.00]   [0.00]
 sersic    : ( 2932.61,  1453.14)    3.18    252.91    0.16   [1.00]   [0.00]
             (    1.87,     3.12)    0.01      1.42    0.00   [0.00]   [0.00]
   bend    : (1:  2.26e+02)  (2:  1.28e+02)  
             (1:  5.11e+00)  (2:  2.60e+00)  
 sky       : [3000.00, 1550.00]    59.44  -2.95e-02  9.98e-02
                                  1.78  1.75e-03  1.98e-03
 Chi^2 = 5388037.15072,  ndof = 561476
 Chi^2/nu = 9.596 

-----------------------------------------------------------------------------
-----------------------------------------------------------------------------

Input image     : science_whirlpool_final.fits[2600:3400,1200:1900] 
Init. par. file : galfit_wirlpool.feedme 
Restart file    : galfit.33 
Output image    : imgblock_whirlpool.fits 

 sersic    : ( 3001.28,  1537.07)    6.74     25.75    0.34   [1.00]   [0.00]
             (    0.34,     0.36)    0.04      0.27    0.01   [0.00]   [0.00]
 sersic    : ( 3000.51,  1542.29)    4.25     86.50    3.36   [1.00]   [0.00]
             (    0.01,     0.02)    0.03      3.17    0.05   [0.00]   [0.00]
 sersic    : ( 2950.63,  1467.69)    3.13    247.24    0.18   [1.00]   [0.00]
             (    1.42,     2.53)    0.01      1.11    0.00   [0.00]   [0.00]
   bend    : (1:  1.90e+02)  (2:  1.11e+02)  
             (1:  3.94e+00)  (2:  2.23e+00)  
 sky       : [3000.00, 1550.00]    68.03  -2.68e-02  1.01e-01
                                  0.73  1.75e-03  1.97e-03
 Chi^2 = 5395072.01116,  ndof = 561481
 Chi^2/nu = 9.609 

-----------------------------------------------------------------------------
-----------------------------------------------------------------------------

Input image     : science_whirlpool_final.fits[2600:3400,1200:1900] 
Init. par. file : galfit_wirlpool.feedme 
Restart file    : galfit.34 
Output image    : imgblock_whirlpool.fits 

 sersic    : ( 3001.42,  1537.36)    6.77     25.35    0.33   [1.00]   [0.00]
             (    0.01,     0.02)    0.01      0.02    0.00   [0.00]   [0.00]
 sersic    : ( 3000.51,  1542.30)    4.23     88.31    3.39   [1.00]   [0.00]
             (    0.00,     0.00)    0.00      0.52    0.01   [0.00]   [0.00]
 sersic    : ( 2948.04,  1449.71)    3.19    282.50    0.22   [1.00]   [0.00]
             (    0.48,     0.36)    0.01      1.11    0.00   [0.00]   [0.00]
   bend    : (1:  3.00e+02)  (2:  2.85e+02)  
             (1:  3.48e+00)  (2:  6.53e-01)  
   power   : 93949062545408.00    100.97   226.76      0.49   38.18    45.29
           :      3.48      0.65     0.00      9.02    0.00     0.00
 sky       : [3000.00, 1550.00]    86.09  -3.82e-02  7.50e-02
                                  0.71  1.75e-03  1.94e-03
 Chi^2 = 5393530.94417,  ndof = 561475
 Chi^2/nu = 9.606 

-----------------------------------------------------------------------------
-----------------------------------------------------------------------------

Input image     : science_whirlpool_final.fits[2600:3400,1200:1900] 
Init. par. file : galfit_wirlpool.feedme 
Restart file    : galfit.34 
Output image    : imgblock_whirlpool.fits 

 sersic    : ( 3001.19,  1537.85)    6.57     25.58    0.36   [1.00]   [0.00]
             (    0.29,     0.31)    0.03      0.24    0.01   [0.00]   [0.00]
 sersic    : ( 3000.55,  1543.43)    4.83    173.08    4.49   [1.00]   [0.00]
             (    0.03,     0.03)    1.64    271.27    1.23   [0.00]   [0.00]
 sersic    : ( 2944.88,  1463.48)    3.14    250.49    0.18   [1.00]   [0.00]
             (    1.72,     2.89)    0.01      1.21    0.00   [0.00]   [0.00]
   bend    : (1:  2.04e+02)  (2:  1.15e+02)  
             (1:  4.12e+00)  (2:  2.33e+00)  
 sersic    : ( 3000.49,  1541.50)    4.62    113.96    3.88   [1.00]   [0.00]
             (    0.02,     0.01)    0.88     90.22    0.57   [0.00]   [0.00]
 sky       : [3000.00, 1550.00]    65.73  -3.03e-02  9.78e-02
                                  1.47  1.75e-03  1.98e-03
 Chi^2 = 5390458.10214,  ndof = 561476
 Chi^2/nu = 9.601 

-----------------------------------------------------------------------------
-----------------------------------------------------------------------------

Input image     : science_whirlpool_final.fits[2600:3400,1200:1900] 
Init. par. file : galfit_wirlpool.feedme 
Restart file    : galfit.35 
Output image    : imgblock_whirlpool.fits 

 sersic    : ( 3001.19,  1538.01)    6.51     25.57    0.37   [1.00]   [0.00]
             (    0.28,     0.29)    0.03      0.23    0.01   [0.00]   [0.00]
 sersic    : ( 3000.55,  1543.45)    4.85    177.28    4.58   [1.00]   [0.00]
             (    0.03,     0.02)    1.63    279.41    1.26   [0.00]   [0.00]
 sersic    : ( 2942.15,  1470.77)    3.39    246.97    0.17   [1.00]   [0.00]
             (    0.55,     0.70)    0.01      1.36    0.00   [0.00]   [0.00]
   bend    : (1:  1.80e+02)  (2:  1.15e+02)  
             (1:  5.91e+00)  (2:  3.72e+00)  
   power   :   2939.36     99.10   213.39      0.57   32.95    37.68
           :      5.91      3.72 55462.84     68.32    0.00     0.00
 sersic    : ( 3000.49,  1541.50)    4.66    113.29    3.93   [1.00]   [0.00]
             (    0.01,     0.01)    0.87     89.48    0.58   [0.00]   [0.00]
 sky       : [3000.00, 1550.00]    82.15  -2.82e-02  7.64e-02
                                  1.64  1.72e-03  1.98e-03
 Chi^2 = 5386183.81435,  ndof = 561470
 Chi^2/nu = 9.593 

-----------------------------------------------------------------------------
-----------------------------------------------------------------------------

Input image     : science_whirlpool_final.fits[2600:3400,1200:1900] 
Init. par. file : galfit_wirlpool.feedme 
Restart file    : galfit.36 
Output image    : imgblock_whirlpool.fits 

 sersic    : ( 3001.45,  1537.79)    6.43     25.68    0.41   [1.00]   [0.00]
             (    0.26,     0.27)    0.03      0.22    0.01   [0.00]   [0.00]
 sersic    : ( 3000.46,  1543.43)    4.80    171.93    4.55   [1.00]   [0.00]
             (    0.03,     0.03)    0.46     85.89    0.47   [0.00]   [0.00]
 sersic    : ( 2931.16,  1473.48)    3.38    255.58    0.16   [1.00]   [0.00]
             (    0.53,     0.69)    0.01      1.60    0.00   [0.00]   [0.00]
   bend    : (1:  2.04e+02)  (2:  1.26e+02)  
             (1:  8.78e+00)  (2:  5.35e+00)  
   power   :   1439.23     97.97   216.00      0.62   35.75    31.45
           :      8.78      5.35  1654.08     30.60    0.00     0.00
 sersic    : ( 3000.49,  1541.50)    4.78    120.73    3.96   [1.00]   [0.00]
             (    0.00,     0.00)    0.27     34.74    0.26   [0.00]   [0.00]
   power   : -4519789.50   5108.81 -2199.12   *-34.82*  32.93    37.70
           :   4091.19      0.00     0.00     *0.00*   0.00     0.00
 sky       : [3000.00, 1550.00]    83.64  -1.91e-02  6.30e-02
                                  0.77  1.70e-03  2.01e-03
 Chi^2 = 5389700.85717,  ndof = 561464
 Chi^2/nu = 9.599 

-----------------------------------------------------------------------------
-----------------------------------------------------------------------------

Input image     : science_bode_final.fits[2000:3000,1100:2500] 
Init. par. file : galfit_bode.feedme 
Restart file    : galfit.36 
Output image    : imgblock_bode.fits 

 sersic    : ( 2536.66,  1779.30)    3.98    279.87    4.36   [1.00]   [0.00]
             (    0.01,     0.01)    0.01      3.46    0.02   [0.00]   [0.00]
 sky       : [2500.00, 1800.00]   142.77  -5.90e-03  4.52e-02
                                  0.49  1.36e-03  9.65e-04
 Chi^2 = 35679245.93866,  ndof = 1402393
 Chi^2/nu = 25.442 

-----------------------------------------------------------------------------
-----------------------------------------------------------------------------

Input image     : science_bode_final.fits[2000:3000,1100:2500] 
Init. par. file : galfit_bode.feedme 
Restart file    : galfit.37 
Output image    : imgblock_bode.fits 

 sersic    : ( 2537.06,  1778.09)    7.66     12.00    1.41   [1.00]   [0.00]
             (    0.01,     0.02)    0.01      0.11    0.01   [0.00]   [0.00]
 sersic    : ( 2536.50,  1780.85)    3.32    628.45    4.00   [1.00]   [0.00]
             (    0.02,     0.03)    0.03     21.80    0.04   [0.00]   [0.00]
 sky       : [2500.00, 1800.00]    98.70  -1.31e-02  4.71e-02
                                  1.12  1.35e-03  9.64e-04
 Chi^2 = 35168373.35946,  ndof = 1402388
 Chi^2/nu = 25.077 

-----------------------------------------------------------------------------
-----------------------------------------------------------------------------

Input image     : science_bode_final.fits[2000:3000,1100:2500] 
Init. par. file : galfit_bode.feedme 
Restart file    : galfit.38 
Output image    : imgblock_bode.fits 

 sersic    : ( 2537.02,  1778.04)    7.72     11.75    1.38   [1.00]   [0.00]
             (    0.02,     0.02)    0.01      0.11    0.01   [0.00]   [0.00]
 sersic    : ( 2536.55,  1780.71)    3.31    639.72    4.08   [1.00]   [0.00]
             (    0.02,     0.02)    0.03     22.10    0.04   [0.00]   [0.00]
   bend    : (1: -3.38e+01)  (2: -5.37e+00)  
             (1:  1.90e+00)  (2:  1.23e+01)  
 sky       : [2500.00, 1800.00]    99.15  -1.36e-02  4.68e-02
                                  1.10  1.56e-03  9.64e-04
 Chi^2 = 35156329.00268,  ndof = 1402386
 Chi^2/nu = 25.069 

-----------------------------------------------------------------------------
-----------------------------------------------------------------------------

Input image     : science_bode_final.fits[2000:3000,1100:2500] 
Init. par. file : galfit_bode.feedme 
Restart file    : galfit.39 
Output image    : imgblock_bode.fits 

 sersic    : ( 2540.66,  1758.01)    6.89     46.04    1.29   [1.00]   [0.00]
             (    0.11,     0.16)    0.02      0.76    0.02   [0.00]   [0.00]
 sersic    : ( 2533.44,  1798.60)    3.34    643.16    2.91   [1.00]   [0.00]
             (    0.07,     0.09)    0.04     27.29    0.04   [0.00]   [0.00]
   bend    : (1: -9.13e+00)  (2:  7.74e-02)  
             (1:  2.65e+00)  (2:  1.32e+01)  
 sersic    : ( 2536.86,  1779.09)    7.44      9.61    1.10   [1.00]   [0.00]
             (    0.01,     0.01)    0.00      0.04    0.01   [0.00]   [0.00]
 sky       : [2500.00, 1800.00]    90.34  -7.51e-03  3.63e-02
                                  1.56  1.78e-03  9.61e-04
 Chi^2 = 34831306.39543,  ndof = 1402381
 Chi^2/nu = 24.837 

-----------------------------------------------------------------------------
-----------------------------------------------------------------------------

Input image     : science_bode_final.fits[2000:3000,1100:2500] 
Init. par. file : galfit_bode.feedme 
Restart file    : galfit.40 
Output image    : imgblock_bode.fits 

 expdisk   : ( 2536.92,  1779.16)    5.82     17.98   [1.00]   [0.00]
             (    0.03,     0.03)    0.00      0.03   [0.00]   [0.00]
 sky       : [2500.00, 1800.00]   235.30  2.33e-02  3.55e-02
                                  0.43  1.46e-03  1.04e-03
 Chi^2 = 41025930.52071,  ndof = 1402394
 Chi^2/nu = 29.254 

-----------------------------------------------------------------------------
-----------------------------------------------------------------------------

Input image     : science_bode_final.fits[2000:3000,1100:2500] 
Init. par. file : galfit_bode.feedme 
Restart file    : galfit.41 
Output image    : imgblock_bode.fits 

 expdisk   : ( 2531.45,  1800.63)    4.48    135.16   [1.00]   [0.00]
             (    0.40,     0.31)    0.01      0.99   [0.00]   [0.00]
 sersic    : ( 2536.85,  1779.04)    6.04     31.00    2.11   [1.00]   [0.00]
             (    0.01,     0.01)    0.01      0.22    0.01   [0.00]   [0.00]
 sky       : [2500.00, 1800.00]   137.04  -7.12e-03  3.43e-02
                                  0.69  1.35e-03  9.66e-04
 Chi^2 = 35259302.90348,  ndof = 1402389
 Chi^2/nu = 25.142 

-----------------------------------------------------------------------------
-----------------------------------------------------------------------------

Input image     : science_bode_final.fits[2000:3000,1100:2500] 
Init. par. file : galfit_bode.feedme 
Restart file    : galfit.42 
Output image    : imgblock_bode.fits 

 expdisk   : ( 2547.05,  2043.37)    4.92    205.01   [1.00]   [0.00]
             (    1.52,     1.34)    0.05      4.60   [0.00]   [0.00]
 sersic    : ( 2536.73,  1779.81)    7.94      9.14    1.20   [1.00]   [0.00]
             (    0.02,     0.02)    0.02      0.09    0.01   [0.00]   [0.00]
 sersic    : ( 2537.15,  1777.33)    4.58    150.40    2.46   [1.00]   [0.00]
             (    0.05,     0.04)    0.01      1.92    0.02   [0.00]   [0.00]
 sky       : [2500.00, 1800.00]   112.66  -2.25e-02  -2.67e-02
                                  1.13  1.33e-03  1.49e-03
 Chi^2 = 34962410.74430,  ndof = 1402384
 Chi^2/nu = 24.931 

-----------------------------------------------------------------------------
-----------------------------------------------------------------------------

Input image     : science_bode_final.fits[2000:3000,1100:2500] 
Init. par. file : galfit_bode.feedme 
Restart file    : galfit.43 
Output image    : imgblock_bode.fits 

 expdisk   : ( 2531.45,  1800.65)    4.47    135.19   [1.00]   [0.00]
             (    0.40,     0.31)    0.01      0.99   [0.00]   [0.00]
 sersic    : ( 2536.85,  1779.04)    6.04     31.01    2.11   [1.00]   [0.00]
             (    0.01,     0.01)    0.01      0.22    0.01   [0.00]   [0.00]
 sky       : [2500.00, 1800.00]   137.03  -7.12e-03  3.43e-02
                                  0.69  1.35e-03  9.66e-04
 Chi^2 = 35259300.88788,  ndof = 1402389
 Chi^2/nu = 25.142 

-----------------------------------------------------------------------------
-----------------------------------------------------------------------------

Input image     : science_bode_final.fits[2000:3000,1100:2500] 
Init. par. file : galfit_bode.feedme 
Restart file    : galfit.44 
Output image    : imgblock_bode.fits 

 expdisk   : ( 2531.45,  1800.66)    4.47    135.21   [1.00]   [0.00]
             (    0.40,     0.31)    0.01      0.99   [0.00]   [0.00]
 sersic    : ( 2536.85,  1779.04)    6.04     31.01    2.11   [1.00]   [0.00]
             (    0.01,     0.01)    0.01      0.22    0.01   [0.00]   [0.00]
 sky       : [2500.00, 1800.00]   137.02  -7.12e-03  3.43e-02
                                  0.69  1.35e-03  9.66e-04
 Chi^2 = 35259301.27814,  ndof = 1402389
 Chi^2/nu = 25.142 

-----------------------------------------------------------------------------
-----------------------------------------------------------------------------

Input image     : science_M49_final.fits[3300:3600,1150:1450] 
Init. par. file : galfit_weird.feedme 
Restart file    : galfit.45 
Output image    : imgblock_M49.fits 

 sersic    : ( 3427.21,  1296.85)    4.96     42.22    1.87   [1.00]   [0.00]
             (    0.04,     0.04)    0.01      0.59    0.01   [0.00]   [0.00]
 sky       : [3450.00, 1300.00]   232.35  -3.22e-01  2.69e-01
                                  3.09  1.97e-02  1.96e-02
 Chi^2 = 1256966.36258,  ndof = 90593
 Chi^2/nu = 13.875 

-----------------------------------------------------------------------------
-----------------------------------------------------------------------------

Input image     : science_M49_final.fits[3300:3600,1150:1450] 
Init. par. file : galfit_weird.feedme 
Restart file    : galfit.46 
Output image    : imgblock_M49.fits 

 sersic    : ( 3426.35,  1295.26)    4.51     87.51    1.87   [1.00]   [0.00]
             (    0.15,     0.13)    0.08      7.05    0.07   [0.00]   [0.00]
 sersic    : ( 3427.68,  1297.83)    7.15     11.82    0.94   [1.00]   [0.00]
             (    0.09,     0.08)    0.07      0.27    0.02   [0.00]   [0.00]
 sky       : [3450.00, 1300.00]   155.17  -2.02e-01  3.22e-01
                                  8.99  1.94e-02  1.92e-02
 Chi^2 = 1245190.97657,  ndof = 90588
 Chi^2/nu = 13.746 

-----------------------------------------------------------------------------
-----------------------------------------------------------------------------

Input image     : science_M49_final.fits[3300:3600,1150:1450] 
Init. par. file : galfit_weird.feedme 
Restart file    : galfit.47 
Output image    : imgblock_M49.fits 

 sersic    : ( 3426.39,  1295.40)    4.55     84.75    1.80   [1.00]   [0.00]
             (    0.19,     0.17)    0.08      6.62    0.07   [0.00]   [0.00]
 sersic    : ( 3427.60,  1297.68)    7.13     11.79    0.93   [1.00]   [0.00]
             (    0.08,     0.09)    0.08      0.30    0.03   [0.00]   [0.00]
   bend    : (1:  3.38e-01)  (2: -1.57e-01)  
             (1:  1.24e-01)  (2:  1.55e-01)  
 sky       : [3450.00, 1300.00]   157.94  -2.04e-01  3.18e-01
                                  8.95  1.94e-02  1.92e-02
 Chi^2 = 1245123.90490,  ndof = 90586
 Chi^2/nu = 13.745 

-----------------------------------------------------------------------------
-----------------------------------------------------------------------------

Input image     : science_M49_final.fits[3300:3600,1150:1450] 
Init. par. file : galfit_weird.feedme 
Restart file    : galfit.48 
Output image    : imgblock_M49.fits 

 sersic    : ( 3427.71,  1298.92)    5.60     45.07    2.05   [1.00]   [0.00]
             (    0.06,     0.08)    0.23      8.73    0.13   [0.00]   [0.00]
   bend    : (1:  2.26e-01)  (2:  6.32e-01)  
             (1:  1.45e+00)  (2:  5.79e+00)  
 sersic    : ( 3426.62,  1294.50)    5.64     49.15    2.14   [1.00]   [0.00]
             (    0.07,     0.06)    0.28     11.36    0.15   [0.00]   [0.00]
   bend    : (1: -1.94e+00)  (2:  3.78e-01)  
             (1:  1.83e+00)  (2:  7.52e+00)  
 sky       : [3450.00, 1300.00]   221.17  -2.95e-01  2.73e-01
                                  3.36  1.97e-02  1.94e-02
 Chi^2 = 1251509.81762,  ndof = 90584
 Chi^2/nu = 13.816 

-----------------------------------------------------------------------------
-----------------------------------------------------------------------------

Input image     : science_M49_final.fits[3300:3600,1150:1450] 
Init. par. file : galfit_weird.feedme 
Restart file    : galfit.49 
Output image    : imgblock_M49.fits 

 sersic    : ( 3426.39,  1295.40)    4.55     84.75    1.80   [1.00]   [0.00]
             (    0.19,     0.17)    0.08      6.62    0.07   [0.00]   [0.00]
 sersic    : ( 3427.60,  1297.68)    7.13     11.79    0.93   [1.00]   [0.00]
             (    0.08,     0.09)    0.08      0.30    0.03   [0.00]   [0.00]
   bend    : (1:  3.38e-01)  (2: -1.57e-01)  
             (1:  1.24e-01)  (2:  1.55e-01)  
 sky       : [3450.00, 1300.00]   157.94  -2.04e-01  3.18e-01
                                  8.95  1.94e-02  1.92e-02
 Chi^2 = 1245123.90490,  ndof = 90586
 Chi^2/nu = 13.745 

-----------------------------------------------------------------------------
-----------------------------------------------------------------------------

Input image     : science_M49_final.fits[3300:3600,1150:1450] 
Init. par. file : galfit_weird.feedme 
Restart file    : galfit.50 
Output image    : imgblock_M49.fits 

 sersic    : ( 3426.22,  1299.57)    6.71     30.96    1.97   [1.00]   [0.00]
             (    0.10,     0.10)    0.22      6.19    0.16   [0.00]   [0.00]
 sersic    : ( 3429.55,  1297.24)    5.79     59.75    2.34   [1.00]   [0.00]
             (    0.06,     0.09)    0.35     18.25    0.21   [0.00]   [0.00]
   bend    : (1:  3.33e+00)  (2:  4.32e+00)  
             (1:  2.92e+00)  (2:  5.95e+00)  
 sersic    : ( 3425.93,  1294.11)    5.54     66.47    2.35   [1.00]   [0.00]
             (    0.08,     0.06)    0.28     16.25    0.17   [0.00]   [0.00]
   bend    : (1: -6.27e+00)  (2: -8.78e-01)  
             (1:  2.99e+00)  (2:  6.39e+00)  
 sky       : [3450.00, 1300.00]   205.00  -2.71e-01  2.89e-01
                                  5.42  1.88e-02  1.90e-02
 Chi^2 = 1248945.49500,  ndof = 90579
 Chi^2/nu = 13.788 

-----------------------------------------------------------------------------
-----------------------------------------------------------------------------

Input image     : science_M49_final.fits[3300:3600,1150:1450] 
Init. par. file : galfit_weird.feedme 
Restart file    : galfit.51 
Output image    : imgblock_M49.fits 

 sersic    : ( 3425.17,  1297.13)    5.57     55.29    2.12   [1.00]   [0.00]
             (    0.11,     0.11)    0.21     10.25    0.12   [0.00]   [0.00]
 sersic    : ( 3467.17,  1326.75)    3.45    287.41    1.24   [1.00]   [0.00]
             (   10.32,    10.17)    0.21     54.08    0.16   [0.00]   [0.00]
   bend    : (1: -2.19e+04)  (2: -4.46e+05)  
             (1:  7.39e+02)  (2:  1.68e+04)  
 sersic    : ( 3428.64,  1296.49)    5.85     33.33    1.78   [1.00]   [0.00]
             (    0.08,     0.06)    0.13      3.80    0.09   [0.00]   [0.00]
 sky       : [3450.00, 1300.00]   219.96  -3.09e-01  1.99e-01
                                  6.13  1.93e-02  1.87e-02
 Chi^2 = 1233968.80019,  ndof = 90581
 Chi^2/nu = 13.623 

-----------------------------------------------------------------------------
-----------------------------------------------------------------------------

Input image     : science_M49_final.fits[3300:3600,1150:1450] 
Init. par. file : galfit_weird.feedme 
Restart file    : galfit.52 
Output image    : imgblock_M49.fits 

 sersic    : ( 3426.39,  1295.40)    4.55     84.75    1.80   [1.00]   [0.00]
             (    0.19,     0.17)    0.08      6.62    0.07   [0.00]   [0.00]
 sersic    : ( 3427.60,  1297.68)    7.13     11.79    0.93   [1.00]   [0.00]
             (    0.08,     0.09)    0.08      0.30    0.03   [0.00]   [0.00]
   bend    : (1:  3.38e-01)  (2: -1.57e-01)  
             (1:  1.24e-01)  (2:  1.55e-01)  
 sky       : [3450.00, 1300.00]   157.94  -2.04e-01  3.18e-01
                                  8.95  1.94e-02  1.92e-02
 Chi^2 = 1245123.90490,  ndof = 90586
 Chi^2/nu = 13.745 

-----------------------------------------------------------------------------
-----------------------------------------------------------------------------

Input image     : science_M49_final.fits[3300:3600,1150:1450] 
Init. par. file : galfit_weird.feedme 
Restart file    : galfit.53 
Output image    : imgblock_M49.fits 

 sersic    : ( 3427.54,  1276.43)    7.10     29.50    0.57   [1.00]   [0.00]
             (    0.60,     1.24)    0.09      0.74    0.03   [0.00]   [0.00]
 sersic    : ( 3427.27,  1296.80)    6.64     12.26    0.93   [1.00]   [0.00]
             (    0.05,     0.05)    0.04      0.28    0.01   [0.00]   [0.00]
 sersic    : ( 3424.85,  1313.18)    4.75     96.58    1.16   [1.00]   [0.00]
             (    0.39,     0.70)    0.12      8.80    0.06   [0.00]   [0.00]
 sky       : [3450.00, 1300.00]   152.91  -1.69e-01  3.57e-02
                                 12.60  1.97e-02  1.78e-02
 Chi^2 = 1239432.92083,  ndof = 90583
 Chi^2/nu = 13.683 

-----------------------------------------------------------------------------
